src/modules/analytics/analytics.services.ts(33,13): error TS2353: Object literal may only specify known properties, and 'customer' does not exist in type 'ProjectInclude<DefaultArgs>'.
src/modules/analytics/analytics.services.ts(48,25): error TS2551: Property 'customer' does not exist on type '{ projectName: string; projectType: ProjectType; location: string; initialStatus: ProjectStatus; startDate: Date; expectedCompletion: Date; totalBudget: Decimal; ... 7 more ...; quantity: number; }'. Did you mean 'customerId'?
src/modules/analytics/analytics.services.ts(50,31): error TS2551: Property 'customer' does not exist on type '{ projectName: string; projectType: ProjectType; location: string; initialStatus: ProjectStatus; startDate: Date; expectedCompletion: Date; totalBudget: Decimal; ... 7 more ...; quantity: number; }'. Did you mean 'customerId'?
src/modules/analytics/analytics.services.ts(52,31): error TS2551: Property 'customer' does not exist on type '{ projectName: string; projectType: ProjectType; location: string; initialStatus: ProjectStatus; startDate: Date; expectedCompletion: Date; totalBudget: Decimal; ... 7 more ...; quantity: number; }'. Did you mean 'customerId'?
src/modules/analytics/analytics.services.ts(67,13): error TS2353: Object literal may only specify known properties, and 'customer' does not exist in type 'ProjectInclude<DefaultArgs>'.
src/modules/analytics/analytics.services.ts(82,25): error TS2551: Property 'customer' does not exist on type '{ projectName: string; projectType: ProjectType; location: string; initialStatus: ProjectStatus; startDate: Date; expectedCompletion: Date; totalBudget: Decimal; ... 7 more ...; quantity: number; }'. Did you mean 'customerId'?
src/modules/analytics/analytics.services.ts(84,31): error TS2551: Property 'customer' does not exist on type '{ projectName: string; projectType: ProjectType; location: string; initialStatus: ProjectStatus; startDate: Date; expectedCompletion: Date; totalBudget: Decimal; ... 7 more ...; quantity: number; }'. Did you mean 'customerId'?
src/modules/analytics/analytics.services.ts(86,31): error TS2551: Property 'customer' does not exist on type '{ projectName: string; projectType: ProjectType; location: string; initialStatus: ProjectStatus; startDate: Date; expectedCompletion: Date; totalBudget: Decimal; ... 7 more ...; quantity: number; }'. Did you mean 'customerId'?
src/modules/daily-updates/daily-updates.services.ts(490,32): error TS2551: Property 'customer' does not exist on type '{ projectName: string; projectType: ProjectType; location: string; initialStatus: ProjectStatus; startDate: Date; expectedCompletion: Date; totalBudget: Decimal; ... 7 more ...; quantity: number; }'. Did you mean 'customerId'?
src/modules/daily-updates/daily-updates.services.ts(560,32): error TS2551: Property 'customer' does not exist on type '{ projectName: string; projectType: ProjectType; location: string; initialStatus: ProjectStatus; startDate: Date; expectedCompletion: Date; totalBudget: Decimal; ... 7 more ...; quantity: number; }'. Did you mean 'customerId'?
src/modules/payments/payments.services.ts(104,28): error TS2551: Property 'customer' does not exist on type '{ projectName: string; projectType: ProjectType; location: string; initialStatus: ProjectStatus; startDate: Date; expectedCompletion: Date; totalBudget: Decimal; ... 7 more ...; quantity: number; }'. Did you mean 'customerId'?
src/modules/payments/payments.services.ts(104,48): error TS2551: Property 'customer' does not exist on type '{ projectName: string; projectType: ProjectType; location: string; initialStatus: ProjectStatus; startDate: Date; expectedCompletion: Date; totalBudget: Decimal; ... 7 more ...; quantity: number; }'. Did you mean 'customerId'?
src/modules/payments/payments.services.ts(105,56): error TS2551: Property 'customer' does not exist on type '{ projectName: string; projectType: ProjectType; location: string; initialStatus: ProjectStatus; startDate: Date; expectedCompletion: Date; totalBudget: Decimal; ... 7 more ...; quantity: number; }'. Did you mean 'customerId'?
src/modules/payments/payments.services.ts(239,40): error TS2551: Property 'customer' does not exist on type '{ projectName: string; projectType: ProjectType; location: string; initialStatus: ProjectStatus; startDate: Date; expectedCompletion: Date; totalBudget: Decimal; ... 7 more ...; quantity: number; }'. Did you mean 'customerId'?
src/modules/payments/payments.services.ts(239,66): error TS2551: Property 'customer' does not exist on type '{ projectName: string; projectType: ProjectType; location: string; initialStatus: ProjectStatus; startDate: Date; expectedCompletion: Date; totalBudget: Decimal; ... 7 more ...; quantity: number; }'. Did you mean 'customerId'?
src/modules/payments/payments.services.ts(240,62): error TS2551: Property 'customer' does not exist on type '{ projectName: string; projectType: ProjectType; location: string; initialStatus: ProjectStatus; startDate: Date; expectedCompletion: Date; totalBudget: Decimal; ... 7 more ...; quantity: number; }'. Did you mean 'customerId'?
src/modules/project/project.services.ts(60,18): error TS2322: Type 'string | null' is not assignable to type 'string | undefined'.
  Type 'null' is not assignable to type 'string | undefined'.
src/modules/project/project.services.ts(90,13): error TS2322: Type 'string | null' is not assignable to type 'string'.
  Type 'null' is not assignable to type 'string'.
src/modules/project/project.services.ts(188,22): error TS2339: Property 'customer' does not exist on type 'ProjectUpdateInput'.
src/modules/project/project.services.ts(207,20): error TS2353: Object literal may only specify known properties, and 'customer' does not exist in type 'ProjectInclude<DefaultArgs>'.
src/modules/project/project.services.ts(228,24): error TS2551: Property 'customer' does not exist on type '{ projectName: string; projectType: ProjectType; location: string; initialStatus: ProjectStatus; startDate: Date; expectedCompletion: Date; totalBudget: Decimal; ... 7 more ...; quantity: number; }'. Did you mean 'customerId'?
src/modules/project/project.services.ts(229,63): error TS2551: Property 'customer' does not exist on type '{ projectName: string; projectType: ProjectType; location: string; initialStatus: ProjectStatus; startDate: Date; expectedCompletion: Date; totalBudget: Decimal; ... 7 more ...; quantity: number; }'. Did you mean 'customerId'?
src/modules/project/project.services.ts(264,20): error TS2353: Object literal may only specify known properties, and 'customer' does not exist in type 'ProjectInclude<DefaultArgs>'.
src/modules/quotations/quotations.services.ts(59,20): error TS2353: Object literal may only specify known properties, and 'customer' does not exist in type 'ProjectInclude<DefaultArgs>'.
src/modules/quotations/quotations.services.ts(68,39): error TS2551: Property 'customer' does not exist on type '{ projectName: string; projectType: ProjectType; location: string; initialStatus: ProjectStatus; startDate: Date; expectedCompletion: Date; totalBudget: Decimal; ... 7 more ...; quantity: number; }'. Did you mean 'customerId'?
src/modules/quotations/quotations.services.ts(69,37): error TS2551: Property 'customer' does not exist on type '{ projectName: string; projectType: ProjectType; location: string; initialStatus: ProjectStatus; startDate: Date; expectedCompletion: Date; totalBudget: Decimal; ... 7 more ...; quantity: number; }'. Did you mean 'customerId'?
src/modules/quotations/quotations.services.ts(233,42): error TS2353: Object literal may only specify known properties, and 'customer' does not exist in type 'ProjectInclude<DefaultArgs>'.
src/modules/quotations/quotations.services.ts(236,70): error TS2551: Property 'project' does not exist on type '{ date: Date | null; userId: string | null; createdAt: Date; updatedAt: Date; projectId: string | null; status: QuotationStatus; fileData: Uint8Array<ArrayBuffer> | null; ... 7 more ...; customerName: string | null; }'. Did you mean 'projectId'?
src/modules/quotations/quotations.services.ts(241,72): error TS2551: Property 'project' does not exist on type '{ date: Date | null; userId: string | null; createdAt: Date; updatedAt: Date; projectId: string | null; status: QuotationStatus; fileData: Uint8Array<ArrayBuffer> | null; ... 7 more ...; customerName: string | null; }'. Did you mean 'projectId'?
src/modules/quotations/quotations.services.ts(273,42): error TS2353: Object literal may only specify known properties, and 'customer' does not exist in type 'ProjectInclude<DefaultArgs>'.
src/modules/quotations/quotations.services.ts(293,42): error TS2353: Object literal may only specify known properties, and 'customer' does not exist in type 'ProjectInclude<DefaultArgs>'.
src/modules/quotations/quotations.services.ts(306,42): error TS2353: Object literal may only specify known properties, and 'customer' does not exist in type 'ProjectInclude<DefaultArgs>'.
src/modules/quotations/quotations.services.ts(323,42): error TS2353: Object literal may only specify known properties, and 'customer' does not exist in type 'ProjectInclude<DefaultArgs>'.
src/modules/quotations/quotations.services.ts(379,42): error TS2353: Object literal may only specify known properties, and 'customer' does not exist in type 'ProjectInclude<DefaultArgs>'.
src/modules/quotations/quotations.services.ts(388,46): error TS2551: Property 'project' does not exist on type '{ date: Date | null; userId: string | null; createdAt: Date; updatedAt: Date; projectId: string | null; status: QuotationStatus; fileData: Uint8Array<ArrayBuffer> | null; ... 7 more ...; customerName: string | null; }'. Did you mean 'projectId'?
src/modules/quotations/quotations.services.ts(390,43): error TS2339: Property 'user' does not exist on type '{ date: Date | null; userId: string | null; createdAt: Date; updatedAt: Date; projectId: string | null; status: QuotationStatus; fileData: Uint8Array<ArrayBuffer> | null; ... 7 more ...; customerName: string | null; }'.
src/modules/quotations/quotations.services.ts(390,68): error TS2551: Property 'project' does not exist on type '{ date: Date | null; userId: string | null; createdAt: Date; updatedAt: Date; projectId: string | null; status: QuotationStatus; fileData: Uint8Array<ArrayBuffer> | null; ... 7 more ...; customerName: string | null; }'. Did you mean 'projectId'?
src/modules/quotations/quotations.services.ts(452,42): error TS2353: Object literal may only specify known properties, and 'customer' does not exist in type 'ProjectInclude<DefaultArgs>'.
src/modules/quotations/quotations.services.ts(461,46): error TS2551: Property 'project' does not exist on type '{ date: Date | null; userId: string | null; createdAt: Date; updatedAt: Date; projectId: string | null; status: QuotationStatus; fileData: Uint8Array<ArrayBuffer> | null; ... 7 more ...; customerName: string | null; }'. Did you mean 'projectId'?
src/modules/quotations/quotations.services.ts(462,43): error TS2339: Property 'user' does not exist on type '{ date: Date | null; userId: string | null; createdAt: Date; updatedAt: Date; projectId: string | null; status: QuotationStatus; fileData: Uint8Array<ArrayBuffer> | null; ... 7 more ...; customerName: string | null; }'.
src/modules/quotations/quotations.services.ts(462,68): error TS2551: Property 'project' does not exist on type '{ date: Date | null; userId: string | null; createdAt: Date; updatedAt: Date; projectId: string | null; status: QuotationStatus; fileData: Uint8Array<ArrayBuffer> | null; ... 7 more ...; customerName: string | null; }'. Did you mean 'projectId'?
src/modules/quotations/quotations.services.ts(516,21): error TS2353: Object literal may only specify known properties, and 'customer' does not exist in type 'ProjectInclude<DefaultArgs>'.
src/modules/quotations/quotations.services.ts(532,34): error TS2551: Property 'project' does not exist on type '{ date: Date | null; userId: string | null; createdAt: Date; updatedAt: Date; projectId: string | null; status: QuotationStatus; fileData: Uint8Array<ArrayBuffer> | null; ... 7 more ...; customerName: string | null; }'. Did you mean 'projectId'?
src/modules/quotations/quotations.services.ts(532,55): error TS2551: Property 'project' does not exist on type '{ date: Date | null; userId: string | null; createdAt: Date; updatedAt: Date; projectId: string | null; status: QuotationStatus; fileData: Uint8Array<ArrayBuffer> | null; ... 7 more ...; customerName: string | null; }'. Did you mean 'projectId'?
src/modules/quotations/quotations.services.ts(533,32): error TS2551: Property 'project' does not exist on type '{ date: Date | null; userId: string | null; createdAt: Date; updatedAt: Date; projectId: string | null; status: QuotationStatus; fileData: Uint8Array<ArrayBuffer> | null; ... 7 more ...; customerName: string | null; }'. Did you mean 'projectId'?
src/modules/quotations/quotations.services.ts(540,35): error TS2551: Property 'project' does not exist on type '{ date: Date | null; userId: string | null; createdAt: Date; updatedAt: Date; projectId: string | null; status: QuotationStatus; fileData: Uint8Array<ArrayBuffer> | null; ... 7 more ...; customerName: string | null; }'. Did you mean 'projectId'?
src/modules/supervisor/supervisor.services.ts(95,20): error TS2353: Object literal may only specify known properties, and 'customer' does not exist in type 'ProjectInclude<DefaultArgs>'.
src/modules/supervisor/supervisor.services.ts(282,13): error TS2353: Object literal may only specify known properties, and 'projects' does not exist in type '(Without<SupervisorUpdateInput, SupervisorUncheckedUpdateInput> & SupervisorUncheckedUpdateInput) | (Without<...> & SupervisorUpdateInput)'.
src/modules/supervisor/supervisor.services.ts(290,49): error TS2339: Property 'projects' does not exist on type '{ email: string; supervisorId: string; userId: string; createdAt: Date; updatedAt: Date; password: string | null; fullName: string; phoneNumber: string; status: SupervisorStatus; approve: string | null; rating: Decimal | null; }'.
src/modules/supervisor/supervisor.services.ts(322,13): error TS2353: Object literal may only specify known properties, and 'projects' does not exist in type '(Without<SupervisorUpdateInput, SupervisorUncheckedUpdateInput> & SupervisorUncheckedUpdateInput) | (Without<...> & SupervisorUpdateInput)'.
src/modules/supervisor/supervisor.services.ts(369,20): error TS2353: Object literal may only specify known properties, and 'customer' does not exist in type 'ProjectInclude<DefaultArgs>'.
src/modules/supervisor/supervisor.services.ts(398,20): error TS2353: Object literal may only specify known properties, and 'customer' does not exist in type 'ProjectInclude<DefaultArgs>'.
