﻿[dotenv@17.2.3] injecting env (13) from .env -- tip: ΓÜÖ∩╕Å  specify custom .env file path with { path: '/custom/path/.env' }

[1] Testing Resend API key...
Γ£à Resend API key OK. Email ID: aa8d892a-e078-4368-a30b-d11a32c38301

[2] Supervisors in DB:
  ΓÇó teja  (6be4efa0-9c55-480b-8d0e-23208aaf42b4) ΓåÆ email: "teja@mail.com"
  ΓÇó John (9064030b-0a13-42a3-bbbc-6f22ce0c0051) ΓåÆ email: "john@example.com"
  ΓÇó hemanth (5aef9325-5c3f-41af-af68-cc1915e02e04) ΓåÆ email: "hemanth@shrhomes.com"
  ΓÇó Hemanth (7c910187-6a3d-4bb9-bf84-4df466179eb0) ΓåÆ email: "veeranalajahnavi24@gmail.com"
  ΓÇó Satwik 123 (f0ca2441-03ea-4860-bbb7-6af3594c7a08) ΓåÆ email: "satwik@m.com"
  ΓÇó vardhan (46114a32-8b1f-4cac-ad57-934740e69f03) ΓåÆ email: "vardhan@mail.comVAYTDUTA"
  ΓÇó kumar (0f56262f-6b83-40d4-961e-b427fbb61e26) ΓåÆ email: "kumar@shrhomes.com"
  ΓÇó Janu (888b8f14-7381-4b34-b606-8092482d7692) ΓåÆ email: "remoooramboo@gmail.com"
  ΓÇó vardhan mohan sai (6fd231b0-0a22-4c29-b9d1-674c803b6b1d) ΓåÆ email: "vardhan1@gmail.com"
  ΓÇó sai (3d3d8eb7-1271-456c-abd8-9ecd41928f61) ΓåÆ email: "sai@mail"
  ΓÇó fgh (d75083e7-e31a-4e34-8c1d-eeae5ff7c7c0) ΓåÆ email: "dfgfhgj@mail"
  ΓÇó Vishnu (9a671d4a-1a23-4125-ba3a-0628425a0ecf) ΓåÆ email: "vishnu@example.com"
  ΓÇó kumar (2e1830d5-df4f-43d5-9339-d4c9a81b9d3a) ΓåÆ email: "kumar@mail.com"
  ΓÇó John (cf38894e-4e4f-47f7-b852-7c8047ed17a5) ΓåÆ email: "John@shrhomes.com"
  ΓÇó John  (53f6dca5-473f-4ba1-8838-f6fe27e1eff3) ΓåÆ email: "john@example"
  ΓÇó Rajesh (f1efc9b8-3ae7-418d-a31c-0a6d3ec567fc) ΓåÆ email: "rajesh@gmail.com"
  ΓÇó john (6e45f4f7-9b0b-437a-be26-651d42b66da8) ΓåÆ email: "john@mail.com"
  ΓÇó Pritam (a7312343-d73a-42e7-aa98-79368ff74707) ΓåÆ email: "pritam@example.com"
  ΓÇó Hemanth (bf63740d-e67c-4caf-875b-caf91b039252) ΓåÆ email: "hemanth@shrhomes"

[3] Admin user in DB:
  ΓÇó Super Admin ΓåÆ email: "anjuayura@gmail.com"

[4] Attempting to send test email to supervisor: teja@mail.com

≡ƒÆí LIKELY CAUSE: In development, Resend can only send to your verified email
   OR to "delivered@resend.dev". All other recipients are blocked unless
   you verify a domain. To fix:
   ΓåÆ Option A: Verify a domain on resend.com and set a real FROM address
   ΓåÆ Option B: Change supervisor email in DB to your own verified email for testing
node.exe : Γ¥î Failed: {
At line:1 char:1
+ & "C:\Program Files\nodejs/node.exe" 
"C:\Users\JAHNAVI\AppData\Roamin ...
+ ~~~~~~~~~~~~~~~~~~~~~~~~~~~~~~~~~~~~~~~~~~~~~~~~
~~~~~~~~~~~~~~~~~~~~~
    + CategoryInfo          : NotSpecified: (Γ¥î  
   Failed: {:String) [], RemoteException
    + FullyQualifiedErrorId : NativeCommandError
 
  statusCode: 403,
  name: 'validation_error',
  message: 'You can only send testing emails to 
your own email address 
(veeranalajahnavi24@gmail.com). To send emails to 
other recipients, please verify a domain at 
resend.com/domains, and change the `from` address 
to an email using this domain.'
}
